// Jest Snapshot v1, https://goo.gl/fbAQLP

exports[`Nav should render the component 1`] = `
{
  "asFragment": [Function],
  "baseElement": <body>
    <div>
      <nav
        class="container navbar navbar-expand navbar-dark bg-dark fixed-top"
      >
        <span
          class="navbar-brand"
          style="cursor: pointer;"
        >
          Employee Polls
        </span>
        <div
          class="me-auto navbar-nav"
        >
          <a
            class="active nav-link"
            href="#"
            role="button"
            tabindex="0"
          >
            Home
          </a>
          <a
            class="nav-link"
            href="#"
            role="button"
            tabindex="0"
          >
            Leaderboard
          </a>
          <a
            class="nav-link"
            href="#"
            role="button"
            tabindex="0"
          >
            New
          </a>
        </div>
        <div
          class="d-flex justify-content-end navbar-collapse collapse"
        >
          <img
            alt="avatar"
            class="rounded-circle"
            style="width: 50px; height: 50px; margin-right: 10px;"
          />
          <span
            class="navbar-text"
            data-testid="username-nav"
            style="margin-left: -10px;"
          >
            @br19
          </span>
          <span
            class="navbar-text"
            style="color: white; margin-left: 10px; margin-right: 10px; cursor: pointer;"
          >
            Logout
          </span>
        </div>
      </nav>
    </div>
  </body>,
  "container": <div>
    <nav
      class="container navbar navbar-expand navbar-dark bg-dark fixed-top"
    >
      <span
        class="navbar-brand"
        style="cursor: pointer;"
      >
        Employee Polls
      </span>
      <div
        class="me-auto navbar-nav"
      >
        <a
          class="active nav-link"
          href="#"
          role="button"
          tabindex="0"
        >
          Home
        </a>
        <a
          class="nav-link"
          href="#"
          role="button"
          tabindex="0"
        >
          Leaderboard
        </a>
        <a
          class="nav-link"
          href="#"
          role="button"
          tabindex="0"
        >
          New
        </a>
      </div>
      <div
        class="d-flex justify-content-end navbar-collapse collapse"
      >
        <img
          alt="avatar"
          class="rounded-circle"
          style="width: 50px; height: 50px; margin-right: 10px;"
        />
        <span
          class="navbar-text"
          data-testid="username-nav"
          style="margin-left: -10px;"
        >
          @br19
        </span>
        <span
          class="navbar-text"
          style="color: white; margin-left: 10px; margin-right: 10px; cursor: pointer;"
        >
          Logout
        </span>
      </div>
    </nav>
  </div>,
  "debug": [Function],
  "findAllByAltText": [Function],
  "findAllByDisplayValue": [Function],
  "findAllByLabelText": [Function],
  "findAllByPlaceholderText": [Function],
  "findAllByRole": [Function],
  "findAllByTestId": [Function],
  "findAllByText": [Function],
  "findAllByTitle": [Function],
  "findByAltText": [Function],
  "findByDisplayValue": [Function],
  "findByLabelText": [Function],
  "findByPlaceholderText": [Function],
  "findByRole": [Function],
  "findByTestId": [Function],
  "findByText": [Function],
  "findByTitle": [Function],
  "getAllByAltText": [Function],
  "getAllByDisplayValue": [Function],
  "getAllByLabelText": [Function],
  "getAllByPlaceholderText": [Function],
  "getAllByRole": [Function],
  "getAllByTestId": [Function],
  "getAllByText": [Function],
  "getAllByTitle": [Function],
  "getByAltText": [Function],
  "getByDisplayValue": [Function],
  "getByLabelText": [Function],
  "getByPlaceholderText": [Function],
  "getByRole": [Function],
  "getByTestId": [Function],
  "getByText": [Function],
  "getByTitle": [Function],
  "queryAllByAltText": [Function],
  "queryAllByDisplayValue": [Function],
  "queryAllByLabelText": [Function],
  "queryAllByPlaceholderText": [Function],
  "queryAllByRole": [Function],
  "queryAllByTestId": [Function],
  "queryAllByText": [Function],
  "queryAllByTitle": [Function],
  "queryByAltText": [Function],
  "queryByDisplayValue": [Function],
  "queryByLabelText": [Function],
  "queryByPlaceholderText": [Function],
  "queryByRole": [Function],
  "queryByTestId": [Function],
  "queryByText": [Function],
  "queryByTitle": [Function],
  "rerender": [Function],
  "unmount": [Function],
}
`;
